// Jest Snapshot v1, https://goo.gl/fbAQLP

exports[`TextInput renders properly 1`] = `
<h1>
  Hugo
</h1>
`;
